[i-80] vehicle_id 1..3366, 4,566,387 rows
[i-80] vehicles 1-400: 420,607 rows  (420,607/4,566,387, 9%)  8.6s
[i-80] vehicles 401-800: 502,673 rows  (923,280/4,566,387, 20%)  6.3s
[i-80] vehicles 801-1200: 580,728 rows  (1,504,008/4,566,387, 33%)  32.5s
[i-80] vehicles 1201-1600: 705,086 rows  (2,209,094/4,566,387, 48%)  24.0s
[i-80] vehicles 1601-2000: 827,917 rows  (3,037,011/4,566,387, 67%)  32.6s
[i-80] vehicles 2001-2400: 761,505 rows  (3,798,516/4,566,387, 83%)  36.1s
[i-80] vehicles 2401-2800: 442,905 rows  (4,241,421/4,566,387, 93%)  30.8s
[i-80] vehicles 2801-3200: 253,995 rows  (4,495,416/4,566,387, 98%)  31.8s
[i-80] vehicles 3201-3600: 70,971 rows  (4,566,387/4,566,387, 100%)  1.3s
[i-80] wrote data\raw\ngsim_i80.parquet (4,566,387 rows, 62 MB)
[us-101] vehicle_id 1..3109, 4,802,933 rows
[us-101] vehicles 1-400: 688,996 rows  (688,996/4,802,933, 14%)  10.7s
[us-101] vehicles 401-800: 979,817 rows  (1,668,813/4,802,933, 35%)  19.8s
[us-101] vehicles 801-1200: 838,794 rows  (2,507,607/4,802,933, 52%)  10.4s
[us-101] vehicles 1201-1600: 830,861 rows  (3,338,468/4,802,933, 70%)  47.1s
[us-101] vehicles 1601-2000: 677,176 rows  (4,015,644/4,802,933, 84%)  25.0s
[us-101] vehicles 2001-2400: 358,681 rows  (4,374,325/4,802,933, 91%)  19.4s
[us-101] vehicles 2401-2800: 300,930 rows  (4,675,255/4,802,933, 97%)  12.0s
[us-101] vehicles 2801-3200: 127,678 rows  (4,802,933/4,802,933, 100%)  6.0s
[us-101] wrote data\raw\ngsim_us101.parquet (4,802,933 rows, 64 MB)
