
test_single_clean_lane_change
  PASS  exactly one transition detected
  PASS  change is at frame 150
  PASS  lane 2 -> 3
  PASS  passes the 3s stability filter both sides

test_flicker_is_rejected
  PASS  two raw transitions seen
  PASS  both rejected by the stability filter

test_weaving_is_rejected
  PASS  the two short-run changes are rejected

test_response_measurement
  PASS  a response was measured
  PASS  baseline is the pre-event cruise speed
  PASS  drop equals the injected 10 ft/s deceleration
  PASS  recovery is the 2s slow patch (measured from the minimum)
  PASS  recovery is not censored

test_no_recovery_is_censored
  PASS  a response was measured
  PASS  flagged as censored

test_period_split_prevents_fake_changes
  PASS  two periods detected
  PASS  trajectory keys are distinct
  PASS  no phantom lane change across the period boundary

test_contiguous_recordings_are_still_split
  PASS  gapless recordings still split into two periods
  PASS  trajectory keys stay distinct
  PASS  no duplicate (traj_key, frame_id) pairs

test_mainline_filter
  PASS  I-80 lane 1 kept
  PASS  I-80 lane 7 (on-ramp) dropped

all checks passed
[i-80] vehicle_id 1..3366, 4,566,387 rows
[i-80] vehicles 1-400: 420,607 rows  (420,607/4,566,387, 9%)  9.6s
[i-80] vehicles 401-800: 502,673 rows  (923,280/4,566,387, 20%)  6.4s
[i-80] vehicles 801-1200: 580,728 rows  (1,504,008/4,566,387, 33%)  32.9s
[i-80] vehicles 1201-1600: 705,086 rows  (2,209,094/4,566,387, 48%)  14.9s
[i-80] vehicles 1601-2000: 827,917 rows  (3,037,011/4,566,387, 67%)  40.0s
[i-80] vehicles 2001-2400: 761,505 rows  (3,798,516/4,566,387, 83%)  27.1s
[i-80] vehicles 2401-2800: 442,905 rows  (4,241,421/4,566,387, 93%)  27.0s
[i-80] vehicles 2801-3200: 253,995 rows  (4,495,416/4,566,387, 98%)  9.3s
[i-80] vehicles 3201-3600: 70,971 rows  (4,566,387/4,566,387, 100%)  5.8s
[i-80] wrote data\raw\ngsim_i80.parquet (4,566,387 rows, 62 MB)
[us-101] vehicle_id 1..3109, 4,802,933 rows
[us-101] vehicles 1-400: 688,996 rows  (688,996/4,802,933, 14%)  46.2s
[us-101] vehicles 401-800: 979,817 rows  (1,668,813/4,802,933, 35%)  25.2s
[us-101] vehicles 801-1200: 838,794 rows  (2,507,607/4,802,933, 52%)  24.4s
[us-101] vehicles 1201-1600: 830,861 rows  (3,338,468/4,802,933, 70%)  48.2s
[us-101] vehicles 1601-2000: 677,176 rows  (4,015,644/4,802,933, 84%)  55.3s
[us-101] vehicles 2001-2400: 358,681 rows  (4,374,325/4,802,933, 91%)  33.4s
[us-101] vehicles 2401-2800: 300,930 rows  (4,675,255/4,802,933, 97%)  14.8s
[us-101] vehicles 2801-3200: 127,678 rows  (4,802,933/4,802,933, 100%)  11.5s
[us-101] wrote data\raw\ngsim_us101.parquet (4,802,933 rows, 64 MB)
[i-80] loading
[us-101] loading
- matched control observations: 3,139

## totals
- events: 2,531
- controls: 7,591
- events by car lane-changer: 2,418
- events by motorcycle lane-changer: 59
- events by truck lane-changer: 54
# Results: the cost of one lane change, and who imposes more of it

Events analysed: **2,472**  ¡P  matched controls: **7,591**

## Q-A ¡X Is there a cost at all?

- Follower speed drop after a lane change: **3.89 km/h**
- Same statistic at matched no-lane-change moments: **3.13 km/h**
- Attributable excess: **+0.76 km/h  (95% CI +0.44 .. +1.09), n=2472 vs 7591**

- Excess recovery time: **+0.27 s  (95% CI +0.15 .. +0.40), n=2472 vs 7591**

## Q-B ¡X Do trucks cost more than cars?

- Truck-initiated lane change: **2.31 km/h** drop (n=54)
- Car-initiated lane change:   **3.93 km/h** drop (n=2418)
- Truck penalty: **-1.62 km/h  (95% CI -3.12 .. -0.02), n=54 vs 2418**
- Truck penalty in recovery time: **-0.98 s  (95% CI -1.60 .. -0.30), n=54 vs 2418**

## Q-C ¡X Does congestion amplify it?

- **Heavy congestion (<25 km/h)**: truck penalty -2.60 km/h  (95% CI -4.33 .. -0.56), n=22 vs 1076
- **Lighter traffic (>=25 km/h)**: truck penalty -0.90 km/h  (95% CI -3.15 .. +1.48), n=32 vs 1342

### Absolute follower cost by regime and class

| regime | class | n | mean drop (km/h) | median recovery (s) |
|---|---|---:|---:|---:|
| Heavy congestion (<25 km/h) | car | 1076 | 4.28 | 1.70 |
| Heavy congestion (<25 km/h) | truck | 22 | 1.68 | 0.00 |
| Lighter traffic (>=25 km/h) | car | 1342 | 3.65 | 0.60 |
| Lighter traffic (>=25 km/h) | truck | 32 | 2.75 | 0.00 |

## How much time does the follower actually lose?

`drop_kmh` above is the *depth* of the speed dip. This is its *area* ¡X
seconds of delay accumulated over the 10 s after the manoeuvre,
relative to holding the pre-event baseline speed.

- Excess delay attributable to the lane change: **+0.03 s  (95% CI -0.25 .. +0.27), n=2472 vs 7591**

**This interval contains zero.** The dip is real and statistically
significant in depth and in recovery time, but the *net time* a
single follower loses within 10 s is not distinguishable from zero.
The disturbance is sharp and brief, not a sustained loss.

This is reported rather than omitted. Any claim that one lane change
costs the following vehicle measurable travel time is not supported
by this analysis. What is supported is that the *disturbance* is real
and that its size scales steeply with congestion ¡X see the
regression below.

## How often does each class change lanes?

The per-event penalty has a small truck sample. This does not ¡X it
uses every observed truck-second, not only the trucks that changed
lanes.

| class | vehicles | vehicle-hours | lane changes | changes / vehicle-hour |
|---|---:|---:|---:|---:|
| car | 11,324 | 226.4 | 2,418 | 10.68 |
| motorcycle | 100 | 1.1 | 59 | 53.68 |
| truck | 352 | 7.0 | 54 | 7.71 |

Cars change lanes **1.4x** as often per hour as trucks.

## Controlling for confounders

A truck penalty could just reflect *where* and *when* trucks change
lanes. This regression holds those constant.

```
===========================================================================================
                              coef    std err          z      P>|z|      [0.025      0.975]
-------------------------------------------------------------------------------------------
Intercept                   2.3627      0.409      5.783      0.000       1.562       3.163
is_truck                   -1.3643      1.880     -0.726      0.468      -5.048       2.320
local_mean_kmh             -0.3511      0.020    -17.261      0.000      -0.391      -0.311
is_truck:local_mean_kmh     0.0572      0.069      0.830      0.406      -0.078       0.192
baseline_kmh                0.4695      0.018     26.231      0.000       0.434       0.505
space_headway              -0.0347      0.003    -10.152      0.000      -0.041      -0.028
site_c                     -3.2405      0.371     -8.725      0.000      -3.968      -2.513
===========================================================================================
```

wrote outputs\figures\fig1_speed_profile.png
wrote outputs\figures\fig2_cost_by_regime.png
wrote outputs\figures\fig3_truck_penalty.png
  OK    Q1: 196 / 200 words
  OK    Q2: 185 / 200 words
  OK    Q3: 183 / 200 words

all 3 answers within the limit

Done. Results: outputs/tables/03_results.md, figures: outputs/figures/
